ai-conversation-engine-1  | 2025-07-31 13:36:19,805 - ERROR - [467ba26c-1253-4bf0-9ba1-2f927c43f821] - {"exc_info": true, "event": "Critical error processing message", "timestamp": "2025-07-31T13:36:19.805350Z", "level": "error"}
celery-worker-1           | [2025-07-31 13:36:19,807: INFO/ForkPoolWorker-2] HTTP Request: POST http://ai-conversation-engine:5001/ai/v1/process "HTTP/1.1 500 "
ai-conversation-engine-1  | 2025-07-31 13:36:19,805 - WARNING - [467ba26c-1253-4bf0-9ba1-2f927c43f821] - {"error_type": "internal_error", "response_message": "I encountered an unexpected internal error. My team has been notified.", "conv_id": "a1282578-fde0-492f-ae11-900cb3bd1def", "event": "AI processor returned an error", "timestamp": "2025-07-31T13:36:19.805648Z", "level": "warning"}
celery-worker-1           | [2025-07-31 13:36:19,808: WARNING/ForkPoolWorker-2] {"service": "whatsapp_gateway", "version": "1.0.0", "retry_count": 0, "max_retries": 5, "detail": "HTTP 500: {\"error\":\"internal_server_error\",\"message\":\"I encountered an unexpected internal error. My team has been notified.\",\"timestamp\":1753968979}\n", "event": "AI service HTTP error", "task_id": "22ae4987-ef3b-485d-b8f7-7f26eb53fed7", "conversation_id": "a1282578-fde0-492f-ae11-900cb3bd1def", "customer_phone": "+91996****", "correlation_id": "b1e77512-cb80-4c39-beb5-60ca53a51c22", "level": "error", "timestamp": "2025-07-31T13:36:19.808650Z"}
celery-worker-1           | [2025-07-31 13:36:19,809: WARNING/ForkPoolWorker-2] {"service": "whatsapp_gateway", "version": "1.0.0", "retry_count": 0, "max_retries": 5, "error": "AI service server error: HTTP 500: {\"error\":\"internal_server_error\",\"message\":\"I encountered an unexpected internal error. My team has been notified.\",\"timestamp\":1753968979}\n", "error_type": "AIServiceError", "exc_info": true, "event": "Task failed, will be retried if applicable", "task_id": "22ae4987-ef3b-485d-b8f7-7f26eb53fed7", "conversation_id": "a1282578-fde0-492f-ae11-900cb3bd1def", "customer_phone": "+91996****", "correlation_id": "b1e77512-cb80-4c39-beb5-60ca53a51c22", "level": "error", "timestamp": "2025-07-31T13:36:19.808969Z"}
celery-worker-1           | [2025-07-31 13:36:19,814: INFO/MainProcess] Task process_and_reply_task[22ae4987-ef3b-485d-b8f7-7f26eb53fed7] received
celery-worker-1           | [2025-07-31 13:36:19,817: WARNING/ForkPoolWorker-1] {"service": "whatsapp_gateway", "version": "1.0.0", "retry_count": 1, "max_retries": 5, "event": "Starting message processing task", "customer_phone": "+91996****", "correlation_id": "b1e77512-cb80-4c39-beb5-60ca53a51c22", "task_id": "22ae4987-ef3b-485d-b8f7-7f26eb53fed7", "conversation_id": "a1282578-fde0-492f-ae11-900cb3bd1def", "level": "info", "timestamp": "2025-07-31T13:36:19.817477Z"}
celery-worker-1           | [2025-07-31 13:36:19,827: INFO/ForkPoolWorker-2] Task process_and_reply_task[22ae4987-ef3b-485d-b8f7-7f26eb53fed7] retry: Retry in 0s: AIServiceError('AI service server error: HTTP 500: {"error":"internal_server_error","message":"I encountered an unexpected internal error. My team has been notified.","timestamp":1753968979}\n')
celery-worker-1           | [2025-07-31 13:36:19,957: WARNING/ForkPoolWorker-1] {"event": "Sync WhatsApp Service initialized.", "customer_phone": "+91996****", "correlation_id": "b1e77512-cb80-4c39-beb5-60ca53a51c22", "task_id": "22ae4987-ef3b-485d-b8f7-7f26eb53fed7", "conversation_id": "a1282578-fde0-492f-ae11-900cb3bd1def", "level": "info", "timestamp": "2025-07-31T13:36:19.957861Z"}
celery-worker-1           | [2025-07-31 13:36:19,966: INFO/ForkPoolWorker-1] Synchronous Redis client connected successfully.
celery-worker-1           | [2025-07-31 13:36:19,966: WARNING/ForkPoolWorker-1] {"service": "whatsapp_gateway", "version": "1.0.0", "retry_count": 1, "max_retries": 5, "endpoint": "http://ai-conversation-engine:5001/ai/v1/process", "event": "Calling AI service", "customer_phone": "+91996****", "correlation_id": "b1e77512-cb80-4c39-beb5-60ca53a51c22", "task_id": "22ae4987-ef3b-485d-b8f7-7f26eb53fed7", "conversation_id": "a1282578-fde0-492f-ae11-900cb3bd1def", "level": "debug", "timestamp": "2025-07-31T13:36:19.966472Z"}
celery-worker-1           | [2025-07-31 13:36:20,030: INFO/ForkPoolWorker-1] HTTP Request: POST http://ai-conversation-engine:5001/ai/v1/process "HTTP/1.1 200 "
celery-worker-1           | [2025-07-31 13:36:20,030: WARNING/ForkPoolWorker-1] {"service": "whatsapp_gateway", "version": "1.0.0", "retry_count": 1, "max_retries": 5, "event": "AI service response received successfully", "customer_phone": "+91996****", "correlation_id": "b1e77512-cb80-4c39-beb5-60ca53a51c22", "task_id": "22ae4987-ef3b-485d-b8f7-7f26eb53fed7", "conversation_id": "a1282578-fde0-492f-ae11-900cb3bd1def", "level": "debug", "timestamp": "2025-07-31T13:36:20.030551Z"}
celery-worker-1           | [2025-07-31 13:36:20,030: WARNING/ForkPoolWorker-1] {"service": "whatsapp_gateway", "version": "1.0.0", "retry_count": 1, "max_retries": 5, "recipient": "+919967680579", "event": "Dispatching synchronous send_message to a new event loop.", "customer_phone": "+91996****", "correlation_id": "b1e77512-cb80-4c39-beb5-60ca53a51c22", "task_id": "22ae4987-ef3b-485d-b8f7-7f26eb53fed7", "conversation_id": "a1282578-fde0-492f-ae11-900cb3bd1def", "level": "info", "timestamp": "2025-07-31T13:36:20.030665Z"}
celery-worker-1           | [2025-07-31 13:36:20,030: WARNING/ForkPoolWorker-1] {"event": "Sync WhatsApp Service initialized.", "customer_phone": "+91996****", "correlation_id": "b1e77512-cb80-4c39-beb5-60ca53a51c22", "task_id": "22ae4987-ef3b-485d-b8f7-7f26eb53fed7", "conversation_id": "a1282578-fde0-492f-ae11-900cb3bd1def", "level": "info", "timestamp": "2025-07-31T13:36:20.030749Z"}
celery-worker-1           | [2025-07-31 13:36:20,030: WARNING/ForkPoolWorker-1] {"recipient": "+919967680579", "event": "Dispatching synchronous send_message to event loop.", "customer_phone": "+91996****", "correlation_id": "b1e77512-cb80-4c39-beb5-60ca53a51c22", "task_id": "22ae4987-ef3b-485d-b8f7-7f26eb53fed7", "conversation_id": "a1282578-fde0-492f-ae11-900cb3bd1def", "level": "info", "timestamp": "2025-07-31T13:36:20.030825Z"}
celery-worker-1           | [2025-07-31 13:36:21,247: WARNING/ForkPoolWorker-1] {"recipient": "919967680579", "message_id": "wamid.HBgMOTE5OTY3NjgwNTc5FQIAERgSQ0I1RkMyN0FFMkJFNDQzM0E4AA==", "event": "Successfully sent WhatsApp message", "customer_phone": "+91996****", "correlation_id": "b1e77512-cb80-4c39-beb5-60ca53a51c22", "task_id": "22ae4987-ef3b-485d-b8f7-7f26eb53fed7", "conversation_id": "a1282578-fde0-492f-ae11-900cb3bd1def", "level": "info", "timestamp": "2025-07-31T13:36:21.247335Z"}
celery-worker-1           | [2025-07-31 13:36:21,248: WARNING/ForkPoolWorker-1] {"service": "whatsapp_gateway", "version": "1.0.0", "retry_count": 1, "max_retries": 5, "recipient": "+919967680579", "message_id": "wamid.HBgMOTE5OTY3NjgwNTc5FQIAERgSQ0I1RkMyN0FFMkJFNDQzM0E4AA==", "event": "Successfully sent WhatsApp message", "customer_phone": "+91996****", "correlation_id": "b1e77512-cb80-4c39-beb5-60ca53a51c22", "task_id": "22ae4987-ef3b-485d-b8f7-7f26eb53fed7", "conversation_id": "a1282578-fde0-492f-ae11-900cb3bd1def", "level": "info", "timestamp": "2025-07-31T13:36:21.247975Z"}
celery-worker-1           | [2025-07-31 13:36:21,248: WARNING/ForkPoolWorker-1] {"service": "whatsapp_gateway", "version": "1.0.0", "retry_count": 1, "max_retries": 5, "processing_time": 1.43, "event": "Task completed successfully", "customer_phone": "+91996****", "correlation_id": "b1e77512-cb80-4c39-beb5-60ca53a51c22", "task_id": "22ae4987-ef3b-485d-b8f7-7f26eb53fed7", "conversation_id": "a1282578-fde0-492f-ae11-900cb3bd1def", "level": "info", "timestamp": "2025-07-31T13:36:21.248270Z"}
celery-worker-1           | [2025-07-31 13:36:21,258: INFO/ForkPoolWorker-1] Task process_and_reply_task[22ae4987-ef3b-485d-b8f7-7f26eb53fed7] succeeded in 1.441727801982779s: {'status': 'success', 'processing_time': 1.4311528205871582}
whatsapp-gateway-1        | {"service": "whatsapp_gateway", "version": "1.0.0", "status": "sent", "msg_id": "wamid.HBgMOTE5OTY3NjgwNTc5FQIAERgSQ0I1RkMyN0FFMkJFNDQzM0E4AA==", "event": "Received message status update", "method": "POST", "correlation_id": "24570c0f-7c1d-48a0-9ce3-b1987277d18f", "path": "/api/webhook", "level": "info"}
whatsapp-gateway-1        | {"service": "whatsapp_gateway", "version": "1.0.0", "status_code": 200, "duration_ms": 0.94, "event": "Request completed", "method": "POST", "correlation_id": "24570c0f-7c1d-48a0-9ce3-b1987277d18f", "path": "/api/webhook", "level": "info"}
nginx-1                   | 172.18.0.1 - - [31/Jul/2025:13:36:22 +0000] "POST /api/gateway/webhook HTTP/1.1" 200 55 "-" "facebookexternalua"
whatsapp-gateway-1        | {"service": "whatsapp_gateway", "version": "1.0.0", "status": "delivered", "msg_id": "wamid.HBgMOTE5OTY3NjgwNTc5FQIAERgSQ0I1RkMyN0FFMkJFNDQzM0E4AA==", "event": "Received message status update", "method": "POST", "correlation_id": "b4a977c9-021d-4e56-8c24-e0661ba39937", "path": "/api/webhook", "level": "info"}
whatsapp-gateway-1        | {"service": "whatsapp_gateway", "version": "1.0.0", "status_code": 200, "duration_ms": 1.23, "event": "Request completed", "method": "POST", "correlation_id": "b4a977c9-021d-4e56-8c24-e0661ba39937", "path": "/api/webhook", "level": "info"}
nginx-1                   | 172.18.0.1 - - [31/Jul/2025:13:36:23 +0000] "POST /api/gateway/webhook HTTP/1.1" 200 55 "-" "facebookexternalua"
whatsapp-gateway-1        | {"service": "whatsapp_gateway", "version": "1.0.0", "status": "read", "msg_id": "wamid.HBgMOTE5OTY3NjgwNTc5FQIAERgSQ0I1RkMyN0FFMkJFNDQzM0E4AA==", "event": "Received message status update", "method": "POST", "correlation_id": "a5f0c1db-1cad-4565-a1db-5e17599a0e9d", "path": "/api/webhook", "level": "info"}
nginx-1                   | 172.18.0.1 - - [31/Jul/2025:13:36:23 +0000] "POST /api/gateway/webhook HTTP/1.1" 200 55 "-" "facebookexternalua"
whatsapp-gateway-1        | {"service": "whatsapp_gateway", "version": "1.0.0", "status_code": 200, "duration_ms": 3.28, "event": "Request completed", "method": "POST", "correlation_id": "a5f0c1db-1cad-4565-a1db-5e17599a0e9d", "path": "/api/webhook", "level": "info"}
otel-collector-1          | 2025-07-31T13:36:23.792Z    info    TracesExporter  {"kind": "exporter", "data_type": "traces", "name": "logging", "resource spans": 1, "spans": 2}
otel-collector-1          | 2025-07-31T13:36:23.792Z    info    ResourceSpans #0
otel-collector-1          | Resource SchemaURL:
otel-collector-1          | Resource attributes:
otel-collector-1          |      -> telemetry.sdk.language: Str(python)
otel-collector-1          |      -> telemetry.sdk.name: Str(opentelemetry)
otel-collector-1          |      -> telemetry.sdk.version: Str(1.36.0)
otel-collector-1          |      -> service.name: Str(unknown_service)
otel-collector-1          | ScopeSpans #0
otel-collector-1          | ScopeSpans SchemaURL:
otel-collector-1          | InstrumentationScope src.routes.conversation
otel-collector-1          | Span #0
otel-collector-1          |     Trace ID       : 41273a3325625e4fc6c7c58ad600ec57
otel-collector-1          |     Parent ID      :
otel-collector-1          |     ID             : fbd412a8e7185ebc
otel-collector-1          |     Name           : process_conversation
otel-collector-1          |     Kind           : Internal
otel-collector-1          |     Start time     : 2025-07-31 13:36:14.844619391 +0000 UTC
otel-collector-1          |     End time       : 2025-07-31 13:36:19.805934435 +0000 UTC
otel-collector-1          |     Status code    : Unset
otel-collector-1          |     Status message :
otel-collector-1          | Span #1
otel-collector-1          |     Trace ID       : 61cdc1954006c55821e0a9abfb8a91a1
otel-collector-1          |     Parent ID      :
otel-collector-1          |     ID             : 6eff5eafbb9c39c2
otel-collector-1          |     Name           : process_conversation
otel-collector-1          |     Kind           : Internal
otel-collector-1          |     Start time     : 2025-07-31 13:36:20.028912997 +0000 UTC
otel-collector-1          |     End time       : 2025-07-31 13:36:20.029166934 +0000 UTC
otel-collector-1          |     Status code    : Unset
otel-collector-1          |     Status message :
otel-collector-1          |     {"kind": "exporter", "data_type": "traces", "name": "logging"}
admin-dashboard-1         | 127.0.0.1 - - [31/Jul/2025:13:36:32 +0000] "GET / HTTP/1.1" 200 477 "-" "curl/7.80.0" "-"
ai-conversation-engine-1  | 2025-07-31 13:36:37,209 - INFO - [6305bf47-8f2d-4b2d-9a14-5d898d809e11] - HTTP Request: POST https://generativelanguage.googleapis.com/v1beta/models/text-embedding-004:embedContent "HTTP/1.1 200 OK"
otel-collector-1          | 2025-07-31T13:36:38.798Z    info    TracesExporter  {"kind": "exporter", "data_type": "traces", "name": "logging", "resource spans": 1, "spans": 1}
otel-collector-1          | 2025-07-31T13:36:38.798Z    info    ResourceSpans #0
otel-collector-1          | Resource SchemaURL:
otel-collector-1          | Resource attributes:
otel-collector-1          |      -> telemetry.sdk.language: Str(python)
otel-collector-1          |      -> telemetry.sdk.name: Str(opentelemetry)
otel-collector-1          |      -> telemetry.sdk.version: Str(1.36.0)
otel-collector-1          |      -> service.name: Str(unknown_service)
otel-collector-1          | ScopeSpans #0
otel-collector-1          | ScopeSpans SchemaURL:
otel-collector-1          | InstrumentationScope src.routes.conversation
otel-collector-1          | Span #0
otel-collector-1          |     Trace ID       : 7b04c19bc737704c1323caa48d59b47e
otel-collector-1          |     Parent ID      :
otel-collector-1          |     ID             : 0fec450f7e44a14b
otel-collector-1          |     Name           : health_check
otel-collector-1          |     Kind           : Internal
otel-collector-1          |     Start time     : 2025-07-31 13:36:35.127711897 +0000 UTC
otel-collector-1          |     End time       : 2025-07-31 13:36:37.210728489 +0000 UTC
otel-collector-1          |     Status code    : Unset
otel-collector-1          |     Status message :
otel-collector-1          |     {"kind": "exporter", "data_type": "traces", "name": "logging"}
whatsapp-gateway-1        | {"service": "whatsapp_gateway", "version": "1.0.0", "redis_key": "webhook_seen:wamid.HBgMOTE5OTY3NjgwNTc5FQIAEhgUM0FCRTdFQTZFMkU2RjY1MDg4OUIA:+919967680579", "event": "Deduplication key used", "method": "POST", "correlation_id": "cd773f50-4bdd-4894-9cac-1f9184f36f0e", "path": "/api/webhook", "level": "debug"}
whatsapp-gateway-1        | {"service": "whatsapp_gateway", "version": "1.0.0", "status_code": 200, "duration_ms": 8.17, "event": "Request completed", "method": "POST", "correlation_id": "cd773f50-4bdd-4894-9cac-1f9184f36f0e", "path": "/api/webhook", "level": "info"}
celery-worker-1           | [2025-07-31 13:36:58,230: INFO/MainProcess] Task process_and_reply_task[90513c1e-3260-4776-a111-ca23afda1d71] received
nginx-1                   | 172.18.0.1 - - [31/Jul/2025:13:36:58 +0000] "POST /api/gateway/webhook HTTP/1.1" 200 46 "-" "facebookexternalua"
celery-worker-1           | [2025-07-31 13:36:58,231: WARNING/ForkPoolWorker-2] {"service": "whatsapp_gateway", "version": "1.0.0", "retry_count": 0, "max_retries": 5, "event": "Starting message processing task", "task_id": "90513c1e-3260-4776-a111-ca23afda1d71", "conversation_id": "a1282578-fde0-492f-ae11-900cb3bd1def", "customer_phone": "+91996****", "correlation_id": "cd773f50-4bdd-4894-9cac-1f9184f36f0e", "level": "info", "timestamp": "2025-07-31T13:36:58.231602Z"}
ai-conversation-engine-1  | 2025-07-31 13:36:58,259 - INFO - [cffb2a0b-32d7-417e-a55e-3bccc920de21] - {"event": "Attempting response generation with primary LLM (Gemini).", "timestamp": "2025-07-31T13:36:58.259437Z", "level": "info"}
celery-worker-1           | [2025-07-31 13:36:58,232: WARNING/ForkPoolWorker-2] {"service": "whatsapp_gateway", "version": "1.0.0", "retry_count": 0, "max_retries": 5, "endpoint": "http://ai-conversation-engine:5001/ai/v1/process", "event": "Calling AI service", "task_id": "90513c1e-3260-4776-a111-ca23afda1d71", "conversation_id": "a1282578-fde0-492f-ae11-900cb3bd1def", "customer_phone": "+91996****", "correlation_id": "cd773f50-4bdd-4894-9cac-1f9184f36f0e", "level": "debug", "timestamp": "2025-07-31T13:36:58.232597Z"}
ai-conversation-engine-1  | 2025-07-31 13:37:00,353 - INFO - [cffb2a0b-32d7-417e-a55e-3bccc920de21] - HTTP Request: POST https://generativelanguage.googleapis.com/v1beta/models/gemini-2.5-flash-lite:generateContent "HTTP/1.1 200 OK"
ai-conversation-engine-1  | 2025-07-31 13:37:00,355 - ERROR - [cffb2a0b-32d7-417e-a55e-3bccc920de21] - {"exc_info": true, "event": "Critical error processing message", "timestamp": "2025-07-31T13:37:00.355025Z", "level": "error"}
celery-worker-1           | [2025-07-31 13:37:00,358: INFO/ForkPoolWorker-2] HTTP Request: POST http://ai-conversation-engine:5001/ai/v1/process "HTTP/1.1 500 "
ai-conversation-engine-1  | 2025-07-31 13:37:00,355 - WARNING - [cffb2a0b-32d7-417e-a55e-3bccc920de21] - {"error_type": "internal_error", "response_message": "I encountered an unexpected internal error. My team has been notified.", "conv_id": "a1282578-fde0-492f-ae11-900cb3bd1def", "event": "AI processor returned an error", "timestamp": "2025-07-31T13:37:00.355406Z", "level": "warning"}
celery-worker-1           | [2025-07-31 13:37:00,360: WARNING/ForkPoolWorker-2] {"service": "whatsapp_gateway", "version": "1.0.0", "retry_count": 0, "max_retries": 5, "detail": "HTTP 500: {\"error\":\"internal_server_error\",\"message\":\"I encountered an unexpected internal error. My team has been notified.\",\"timestamp\":1753969020}\n", "event": "AI service HTTP error", "task_id": "90513c1e-3260-4776-a111-ca23afda1d71", "conversation_id": "a1282578-fde0-492f-ae11-900cb3bd1def", "customer_phone": "+91996****", "correlation_id": "cd773f50-4bdd-4894-9cac-1f9184f36f0e", "level": "error", "timestamp": "2025-07-31T13:37:00.360076Z"}
celery-worker-1           | [2025-07-31 13:37:00,360: WARNING/ForkPoolWorker-2] {"service": "whatsapp_gateway", "version": "1.0.0", "retry_count": 0, "max_retries": 5, "error": "AI service server error: HTTP 500: {\"error\":\"internal_server_error\",\"message\":\"I encountered an unexpected internal error. My team has been notified.\",\"timestamp\":1753969020}\n", "error_type": "AIServiceError", "exc_info": true, "event": "Task failed, will be retried if applicable", "task_id": "90513c1e-3260-4776-a111-ca23afda1d71", "conversation_id": "a1282578-fde0-492f-ae11-900cb3bd1def", "customer_phone": "+91996****", "correlation_id": "cd773f50-4bdd-4894-9cac-1f9184f36f0e", "level": "error", "timestamp": "2025-07-31T13:37:00.360299Z"}
redis-1                   | 1:M 31 Jul 2025 13:37:00.439 * 100 changes in 300 seconds. Saving...
celery-worker-1           | [2025-07-31 13:37:00,363: INFO/MainProcess] Task process_and_reply_task[90513c1e-3260-4776-a111-ca23afda1d71] received
redis-1                   | 1:M 31 Jul 2025 13:37:00.440 * Background saving started by pid 16
celery-worker-1           | [2025-07-31 13:37:00,378: INFO/ForkPoolWorker-2] Task process_and_reply_task[90513c1e-3260-4776-a111-ca23afda1d71] retry: Retry in 2s: AIServiceError('AI service server error: HTTP 500: {"error":"internal_server_error","message":"I encountered an unexpected internal error. My team has been notified.","timestamp":1753969020}\n')
redis-1                   | 16:C 31 Jul 2025 13:37:00.450 * DB saved on disk
redis-1                   | 16:C 31 Jul 2025 13:37:00.450 * Fork CoW for RDB: current 0 MB, peak 0 MB, average 0 MB
redis-1                   | 1:M 31 Jul 2025 13:37:00.541 * Background saving terminated with success
admin-dashboard-1         | 127.0.0.1 - - [31/Jul/2025:13:37:02 +0000] "GET / HTTP/1.1" 200 477 "-" "curl/7.80.0" "-"
celery-worker-1           | [2025-07-31 13:37:02,362: WARNING/ForkPoolWorker-2] {"service": "whatsapp_gateway", "version": "1.0.0", "retry_count": 1, "max_retries": 5, "event": "Starting message processing task", "task_id": "90513c1e-3260-4776-a111-ca23afda1d71", "conversation_id": "a1282578-fde0-492f-ae11-900cb3bd1def", "customer_phone": "+91996****", "correlation_id": "cd773f50-4bdd-4894-9cac-1f9184f36f0e", "level": "info", "timestamp": "2025-07-31T13:37:02.362506Z"}
celery-worker-1           | [2025-07-31 13:37:02,363: WARNING/ForkPoolWorker-2] {"service": "whatsapp_gateway", "version": "1.0.0", "retry_count": 1, "max_retries": 5, "endpoint": "http://ai-conversation-engine:5001/ai/v1/process", "event": "Calling AI service", "task_id": "90513c1e-3260-4776-a111-ca23afda1d71", "conversation_id": "a1282578-fde0-492f-ae11-900cb3bd1def", "customer_phone": "+91996****", "correlation_id": "cd773f50-4bdd-4894-9cac-1f9184f36f0e", "level": "debug", "timestamp": "2025-07-31T13:37:02.363216Z"}
celery-worker-1           | [2025-07-31 13:37:02,388: INFO/ForkPoolWorker-2] HTTP Request: POST http://ai-conversation-engine:5001/ai/v1/process "HTTP/1.1 200 "
celery-worker-1           | [2025-07-31 13:37:02,389: WARNING/ForkPoolWorker-2] {"service": "whatsapp_gateway", "version": "1.0.0", "retry_count": 1, "max_retries": 5, "event": "AI service response received successfully", "task_id": "90513c1e-3260-4776-a111-ca23afda1d71", "conversation_id": "a1282578-fde0-492f-ae11-900cb3bd1def", "customer_phone": "+91996****", "correlation_id": "cd773f50-4bdd-4894-9cac-1f9184f36f0e", "level": "debug", "timestamp": "2025-07-31T13:37:02.389340Z"}
celery-worker-1           | [2025-07-31 13:37:02,389: WARNING/ForkPoolWorker-2] {"service": "whatsapp_gateway", "version": "1.0.0", "retry_count": 1, "max_retries": 5, "recipient": "+919967680579", "event": "Dispatching synchronous send_message to a new event loop.", "task_id": "90513c1e-3260-4776-a111-ca23afda1d71", "conversation_id": "a1282578-fde0-492f-ae11-900cb3bd1def", "customer_phone": "+91996****", "correlation_id": "cd773f50-4bdd-4894-9cac-1f9184f36f0e", "level": "info", "timestamp": "2025-07-31T13:37:02.389565Z"}
celery-worker-1           | [2025-07-31 13:37:02,389: WARNING/ForkPoolWorker-2] {"event": "Sync WhatsApp Service initialized.", "task_id": "90513c1e-3260-4776-a111-ca23afda1d71", "conversation_id": "a1282578-fde0-492f-ae11-900cb3bd1def", "customer_phone": "+91996****", "correlation_id": "cd773f50-4bdd-4894-9cac-1f9184f36f0e", "level": "info", "timestamp": "2025-07-31T13:37:02.389675Z"}
celery-worker-1           | [2025-07-31 13:37:02,389: WARNING/ForkPoolWorker-2] {"recipient": "+919967680579", "event": "Dispatching synchronous send_message to event loop.", "task_id": "90513c1e-3260-4776-a111-ca23afda1d71", "conversation_id": "a1282578-fde0-492f-ae11-900cb3bd1def", "customer_phone": "+91996****", "correlation_id": "cd773f50-4bdd-4894-9cac-1f9184f36f0e", "level": "info", "timestamp": "2025-07-31T13:37:02.389754Z"}
celery-worker-1           | [2025-07-31 13:37:02,390: WARNING/ForkPoolWorker-2] {"recipient": "+919967680579", "error": "Event loop is closed", "exc_info": true, "event": "An unexpected error occurred in the sync wrapper", "task_id": "90513c1e-3260-4776-a111-ca23afda1d71", "conversation_id": "a1282578-fde0-492f-ae11-900cb3bd1def", "customer_phone": "+91996****", "correlation_id": "cd773f50-4bdd-4894-9cac-1f9184f36f0e", "level": "error", "timestamp": "2025-07-31T13:37:02.390162Z"}
celery-worker-1           | [2025-07-31 13:37:02,390: WARNING/ForkPoolWorker-2] {"service": "whatsapp_gateway", "version": "1.0.0", "retry_count": 1, "max_retries": 5, "error": "WhatsApp service returned None - message sending failed", "error_type": "WhatsAppServiceError", "event": "Task failed permanently (non-retryable)", "task_id": "90513c1e-3260-4776-a111-ca23afda1d71", "conversation_id": "a1282578-fde0-492f-ae11-900cb3bd1def", "customer_phone": "+91996****", "correlation_id": "cd773f50-4bdd-4894-9cac-1f9184f36f0e", "level": "error", "timestamp": "2025-07-31T13:37:02.390302Z"}
celery-worker-1           | [2025-07-31 13:37:02,395: ERROR/ForkPoolWorker-2] Task process_and_reply_task[90513c1e-3260-4776-a111-ca23afda1d71] raised unexpected: WhatsAppServiceError('WhatsApp service returned None - message sending failed')
celery-worker-1           | Traceback (most recent call last):
celery-worker-1           |   File "/opt/venv/lib/python3.11/site-packages/celery/app/trace.py", line 453, in trace_task
celery-worker-1           |     R = retval = fun(*args, **kwargs)
celery-worker-1           |                  ^^^^^^^^^^^^^^^^^^^^
celery-worker-1           |   File "/opt/venv/lib/python3.11/site-packages/celery/app/trace.py", line 736, in __protected_call__
celery-worker-1           |     return self.run(*args, **kwargs)
celery-worker-1           |            ^^^^^^^^^^^^^^^^^^^^^^^^^
celery-worker-1           |   File "/opt/venv/lib/python3.11/site-packages/celery/app/autoretry.py", line 38, in run
celery-worker-1           |     return task._orig_run(*args, **kwargs)
celery-worker-1           |            ^^^^^^^^^^^^^^^^^^^^^^^^^^^^^^^
celery-worker-1           |   File "/app/src/tasks.py", line 228, in process_and_reply_task
celery-worker-1           |     send_whatsapp_message(customer_phone, ai_response, task_logger, WhatsAppService)
celery-worker-1           |   File "/app/src/tasks.py", line 349, in send_whatsapp_message
celery-worker-1           |     raise WhatsAppServiceError("WhatsApp service returned None - message sending failed")
celery-worker-1           | src.tasks.WhatsAppServiceError: WhatsApp service returned None - message sending failed
otel-collector-1          | 2025-07-31T13:37:03.804Z    info    TracesExporter  {"kind": "exporter", "data_type": "traces", "name": "logging", "resource spans": 1, "spans": 2}
otel-collector-1          | 2025-07-31T13:37:03.806Z    info    ResourceSpans #0
otel-collector-1          | Resource SchemaURL:
otel-collector-1          | Resource attributes:
otel-collector-1          |      -> telemetry.sdk.language: Str(python)
otel-collector-1          |      -> telemetry.sdk.name: Str(opentelemetry)
otel-collector-1          |      -> telemetry.sdk.version: Str(1.36.0)
otel-collector-1          |      -> service.name: Str(unknown_service)
otel-collector-1          | ScopeSpans #0
otel-collector-1          | ScopeSpans SchemaURL:
otel-collector-1          | InstrumentationScope src.routes.conversation
otel-collector-1          | Span #0
otel-collector-1          |     Trace ID       : cffbd361fe55fa2cc94c6bde534ad9c4
otel-collector-1          |     Parent ID      :
otel-collector-1          |     ID             : 8e75b13ba9276db0
otel-collector-1          |     Name           : process_conversation
otel-collector-1          |     Kind           : Internal
otel-collector-1          |     Start time     : 2025-07-31 13:36:58.259035452 +0000 UTC
otel-collector-1          |     End time       : 2025-07-31 13:37:00.355806737 +0000 UTC
otel-collector-1          |     Status code    : Unset
otel-collector-1          |     Status message :
otel-collector-1          | Span #1
otel-collector-1          |     Trace ID       : b3c168d39c8ee6fa462b5a5cc1beacb6
otel-collector-1          |     Parent ID      :
otel-collector-1          |     ID             : 8db9b99a037b46c7
otel-collector-1          |     Name           : process_conversation
otel-collector-1          |     Kind           : Internal
otel-collector-1          |     Start time     : 2025-07-31 13:37:02.387233422 +0000 UTC
otel-collector-1          |     End time       : 2025-07-31 13:37:02.38759096 +0000 UTC
otel-collector-1          |     Status code    : Unset
otel-collector-1          |     Status message :
otel-collector-1          |     {"kind": "exporter", "data_type": "traces", "name": "logging"}
ai-conversation-engine-1  | 2025-07-31 13:37:07,986 - INFO - [b29187e7-63a2-4f21-8276-60bd961bc145] - HTTP Request: POST https://generativelanguage.googleapis.com/v1beta/models/text-embedding-004:embedContent "HTTP/1.1 200 OK"
otel-collector-1          | 2025-07-31T13:37:08.810Z    info    TracesExporter  {"kind": "exporter", "data_type": "traces", "name": "logging", "resource spans": 1, "spans": 1}
otel-collector-1          | 2025-07-31T13:37:08.810Z    info    ResourceSpans #0
otel-collector-1          | Resource SchemaURL:
otel-collector-1          | Resource attributes:
otel-collector-1          |      -> telemetry.sdk.language: Str(python)
otel-collector-1          |      -> telemetry.sdk.name: Str(opentelemetry)
otel-collector-1          |      -> telemetry.sdk.version: Str(1.36.0)
otel-collector-1          |      -> service.name: Str(unknown_service)
otel-collector-1          | ScopeSpans #0
otel-collector-1          | ScopeSpans SchemaURL:
otel-collector-1          | InstrumentationScope src.routes.conversation
otel-collector-1          | Span #0
otel-collector-1          |     Trace ID       : eb1df6710e0885f84b6942821ac3db13
otel-collector-1          |     Parent ID      :
otel-collector-1          |     ID             : 88df7bc0dac88e7b
otel-collector-1          |     Name           : health_check
otel-collector-1          |     Kind           : Internal
otel-collector-1          |     Start time     : 2025-07-31 13:37:07.292758792 +0000 UTC
otel-collector-1          |     End time       : 2025-07-31 13:37:07.990417939 +0000 UTC
otel-collector-1          |     Status code    : Unset
otel-collector-1          |     Status message :
otel-collector-1          |     {"kind": "exporter", "data_type": "traces", "name": "logging"}
